---
source: nix-ast/src/lib.rs
expression: "{ in }\n"
input_file: nix-ast/fixtures/invalid_syntax.nix
---
Error: Syntax error
   ╭─[ <unknown>:1:3 ]
   │
 1 │ { in }
   │   ─┬  
   │    ╰── Unexpected token In expected one of [BraceClose, Ident]
───╯
